 Entering Gaussian System, Link 0=g16
 Input=DCM.gjf
 Output=DCM.out
 Initial command:
 /n/sw/g16_nehalem/g16/l1.exe "/scratch/Gau-68255.inp" -scrdir="/scratch/"
 Entering Link 1 = /n/sw/g16_nehalem/g16/l1.exe PID=     68256.
  
 Copyright (c) 1988,1990,1992,1993,1995,1998,2003,2009,2016,
            Gaussian, Inc.  All Rights Reserved.
  
 This is part of the Gaussian(R) 16 program.  It is based on
 the Gaussian(R) 09 system (copyright 2009, Gaussian, Inc.),
 the Gaussian(R) 03 system (copyright 2003, Gaussian, Inc.),
 the Gaussian(R) 98 system (copyright 1998, Gaussian, Inc.),
 the Gaussian(R) 94 system (copyright 1995, Gaussian, Inc.),
 the Gaussian 92(TM) system (copyright 1992, Gaussian, Inc.),
 the Gaussian 90(TM) system (copyright 1990, Gaussian, Inc.),
 the Gaussian 88(TM) system (copyright 1988, Gaussian, Inc.),
 the Gaussian 86(TM) system (copyright 1986, Carnegie Mellon
 University), and the Gaussian 82(TM) system (copyright 1983,
 Carnegie Mellon University). Gaussian is a federally registered
 trademark of Gaussian, Inc.
  
 This software contains proprietary and confidential information,
 including trade secrets, belonging to Gaussian, Inc.
  
 This software is provided under written license and may be
 used, copied, transmitted, or stored only in accord with that
 written license.
  
 The following legend is applicable only to US Government
 contracts under FAR:
  
                    RESTRICTED RIGHTS LEGEND
  
 Use, reproduction and disclosure by the US Government is
 subject to restrictions as set forth in subparagraphs (a)
 and (c) of the Commercial Computer Software - Restricted
 Rights clause in FAR 52.227-19.
  
 Gaussian, Inc.
 340 Quinnipiac St., Bldg. 40, Wallingford CT 06492
  
  
 ---------------------------------------------------------------
 Warning -- This program may not be used in any manner that
 competes with the business of Gaussian, Inc. or will provide
 assistance to any competitor of Gaussian, Inc.  The licensee
 of this program is prohibited from giving any competitor of
 Gaussian, Inc. access to this program.  By using this program,
 the user acknowledges that Gaussian, Inc. is engaged in the
 business of creating and licensing software in the field of
 computational chemistry and represents and warrants to the
 licensee that it is not a competitor of Gaussian, Inc. and that
 it will not use this program in any manner prohibited above.
 ---------------------------------------------------------------
  

 Cite this work as:
 Gaussian 16, Revision A.03,
 M. J. Frisch, G. W. Trucks, H. B. Schlegel, G. E. Scuseria, 
 M. A. Robb, J. R. Cheeseman, G. Scalmani, V. Barone, 
 G. A. Petersson, H. Nakatsuji, X. Li, M. Caricato, A. V. Marenich, 
 J. Bloino, B. G. Janesko, R. Gomperts, B. Mennucci, H. P. Hratchian, 
 J. V. Ortiz, A. F. Izmaylov, J. L. Sonnenberg, D. Williams-Young, 
 F. Ding, F. Lipparini, F. Egidi, J. Goings, B. Peng, A. Petrone, 
 T. Henderson, D. Ranasinghe, V. G. Zakrzewski, J. Gao, N. Rega, 
 G. Zheng, W. Liang, M. Hada, M. Ehara, K. Toyota, R. Fukuda, 
 J. Hasegawa, M. Ishida, T. Nakajima, Y. Honda, O. Kitao, H. Nakai, 
 T. Vreven, K. Throssell, J. A. Montgomery, Jr., J. E. Peralta, 
 F. Ogliaro, M. J. Bearpark, J. J. Heyd, E. N. Brothers, K. N. Kudin, 
 V. N. Staroverov, T. A. Keith, R. Kobayashi, J. Normand, 
 K. Raghavachari, A. P. Rendell, J. C. Burant, S. S. Iyengar, 
 J. Tomasi, M. Cossi, J. M. Millam, M. Klene, C. Adamo, R. Cammi, 
 J. W. Ochterski, R. L. Martin, K. Morokuma, O. Farkas, 
 J. B. Foresman, and D. J. Fox, Gaussian, Inc., Wallingford CT, 2016.
 
 ******************************************
 Gaussian 16:  ES64L-G16RevA.03 25-Dec-2016
                 6-Apr-2020 
 ******************************************
 %nprocshared=4
 Will use up to    4 processors via shared memory.
 %mem=8GB
 -----------------------
 #p force b3lyp/6-31g(d)
 -----------------------
 1/10=7,30=1,38=1/1,3;
 2/12=2,17=6,18=5,40=1/2;
 3/5=1,6=6,7=1,11=2,25=1,30=1,71=1,74=-5/1,2,3;
 4//1;
 5/5=2,38=5/2;
 6/7=2,8=2,9=2,10=2,28=1/1;
 7/29=1/1,2,3,16;
 1/10=7,30=1/3;
 99//99;
 Leave Link    1 at Mon Apr  6 14:03:07 2020, MaxMem=  1073741824 cpu:               0.1 elap:               0.0
 (Enter /n/sw/g16_nehalem/g16/l101.exe)
 -----
 title
 -----
 Symbolic Z-matrix:
 Charge =  0 Multiplicity = 1
 C                     0.        0.        0. 
 H                     0.        1.        0. 
 H                     1.        0.        0. 
 Cl                   -1.        0.        0. 
 Cl                    0.       -1.        0. 
 
 ITRead=  0  0  0  0  0
 MicOpt= -1 -1 -1 -1 -1
 NAtoms=      5 NQM=        5 NQMF=       0 NMMI=      0 NMMIF=      0
                NMic=       0 NMicF=      0.
                    Isotopes and Nuclear Properties:
 (Nuclear quadrupole moments (NQMom) in fm**2, nuclear magnetic moments (NMagM)
  in nuclear magnetons)

  Atom         1           2           3           4           5
 IAtWgt=          12           1           1          35          35
 AtmWgt=  12.0000000   1.0078250   1.0078250  34.9688527  34.9688527
 NucSpn=           0           1           1           3           3
 AtZEff=   0.0000000   0.0000000   0.0000000   0.0000000   0.0000000
 NQMom=    0.0000000   0.0000000   0.0000000  -8.1650000  -8.1650000
 NMagM=    0.0000000   2.7928460   2.7928460   0.8218740   0.8218740
 AtZNuc=   6.0000000   1.0000000   1.0000000  17.0000000  17.0000000
 Leave Link  101 at Mon Apr  6 14:03:07 2020, MaxMem=  1073741824 cpu:               0.8 elap:               0.2
 (Enter /n/sw/g16_nehalem/g16/l103.exe)

 GradGradGradGradGradGradGradGradGradGradGradGradGradGradGradGradGradGrad
 Berny optimization.
 Initialization pass.
 Trust Radius=3.00D-01 FncErr=1.00D-07 GrdErr=1.00D-07 EigMax=2.50D+02 EigMin=1.00D-04
 Number of steps in this run=      2 maximum allowed number of steps=      2.
 GradGradGradGradGradGradGradGradGradGradGradGradGradGradGradGradGradGrad

 Leave Link  103 at Mon Apr  6 14:03:07 2020, MaxMem=  1073741824 cpu:               0.1 elap:               0.0
 (Enter /n/sw/g16_nehalem/g16/l202.exe)
                          Input orientation:                          
 ---------------------------------------------------------------------
 Center     Atomic      Atomic             Coordinates (Angstroms)
 Number     Number       Type             X           Y           Z
 ---------------------------------------------------------------------
      1          6           0        0.000000    0.000000    0.000000
      2          1           0        0.000000    1.000000    0.000000
      3          1           0        1.000000    0.000000    0.000000
      4         17           0       -1.000000    0.000000    0.000000
      5         17           0        0.000000   -1.000000    0.000000
 ---------------------------------------------------------------------
                    Distance matrix (angstroms):
                    1          2          3          4          5
     1  C    0.000000
     2  H    1.000000   0.000000
     3  H    1.000000   1.414214   0.000000
     4  Cl   1.000000   1.414214   2.000000   0.000000
     5  Cl   1.000000   2.000000   1.414214   1.414214   0.000000
 Stoichiometry    CH2Cl2
 Framework group  C2V[C2(C),SGV(H2Cl2)]
 Deg. of freedom     4
 Full point group                 C2V     NOp   4
 Largest Abelian subgroup         C2V     NOp   4
 Largest concise Abelian subgroup C2      NOp   2
                         Standard orientation:                         
 ---------------------------------------------------------------------
 Center     Atomic      Atomic             Coordinates (Angstroms)
 Number     Number       Type             X           Y           Z
 ---------------------------------------------------------------------
      1          6           0        0.000000    0.000000    0.538748
      2          1           0        0.000000    0.707107    1.245855
      3          1           0        0.000000   -0.707107    1.245855
      4         17           0        0.000000    0.707107   -0.168359
      5         17           0        0.000000   -0.707107   -0.168359
 ---------------------------------------------------------------------
 Rotational constants (GHZ):          59.4516474          14.0474063          11.3626149
 Leave Link  202 at Mon Apr  6 14:03:08 2020, MaxMem=  1073741824 cpu:               0.9 elap:               0.3
 (Enter /n/sw/g16_nehalem/g16/l301.exe)
 Standard basis: 6-31G(d) (6D, 7F)
 Ernie: Thresh=  0.10000D-02 Tol=  0.10000D-05 Strict=F.
 There are    24 symmetry adapted cartesian basis functions of A1  symmetry.
 There are     6 symmetry adapted cartesian basis functions of A2  symmetry.
 There are     8 symmetry adapted cartesian basis functions of B1  symmetry.
 There are    19 symmetry adapted cartesian basis functions of B2  symmetry.
 There are    24 symmetry adapted basis functions of A1  symmetry.
 There are     6 symmetry adapted basis functions of A2  symmetry.
 There are     8 symmetry adapted basis functions of B1  symmetry.
 There are    19 symmetry adapted basis functions of B2  symmetry.
    57 basis functions,   140 primitive gaussians,    57 cartesian basis functions
    21 alpha electrons       21 beta electrons
       nuclear repulsion energy       244.5341634946 Hartrees.
 IExCor=  402 DFT=T Ex+Corr=B3LYP ExCW=0 ScaHFX=  0.200000
 ScaDFX=  0.800000  0.720000  1.000000  0.810000 ScalE2=  1.000000  1.000000
 IRadAn=      5 IRanWt=     -1 IRanGd=            0 ICorTp=0 IEmpDi=  4
 NAtoms=    5 NActive=    5 NUniq=    3 SFac= 2.78D+00 NAtFMM=   60 NAOKFM=F Big=F
 Integral buffers will be    131072 words long.
 Raffenetti 2 integral format.
 Two-electron integral symmetry is turned on.
 Leave Link  301 at Mon Apr  6 14:03:08 2020, MaxMem=  1073741824 cpu:               0.3 elap:               0.1
 (Enter /n/sw/g16_nehalem/g16/l302.exe)
 NPDir=0 NMtPBC=     1 NCelOv=     1 NCel=       1 NClECP=     1 NCelD=      1
         NCelK=      1 NCelE2=     1 NClLst=     1 CellRange=     0.0.
 One-electron integrals computed using PRISM.
 One-electron integral symmetry used in STVInt
 NBasis=    57 RedAO= T EigKep=  1.05D-03  NBF=    24     6     8    19
 NBsUse=    57 1.00D-06 EigRej= -1.00D+00 NBFU=    24     6     8    19
 Precomputing XC quadrature grid using
 IXCGrd= 4 IRadAn=           5 IRanWt=          -1 IRanGd=           0 AccXCQ= 0.00D+00.
 Generated NRdTot=       0 NPtTot=           0 NUsed=           0 NTot=          32
 NSgBfM=    57    57    57    57    57 MxSgAt=     5 MxSgA2=     5.
 Leave Link  302 at Mon Apr  6 14:03:08 2020, MaxMem=  1073741824 cpu:               1.5 elap:               0.5
 (Enter /n/sw/g16_nehalem/g16/l303.exe)
 DipDrv:  MaxL=1.
 Leave Link  303 at Mon Apr  6 14:03:09 2020, MaxMem=  1073741824 cpu:               0.2 elap:               0.1
 (Enter /n/sw/g16_nehalem/g16/l401.exe)
 ExpMin= 1.43D-01 ExpMax= 2.52D+04 ExpMxC= 3.78D+03 IAcc=3 IRadAn=         5 AccDes= 0.00D+00
 Harris functional with IExCor=  402 and IRadAn=       5 diagonalized for initial guess.
 HarFok:  IExCor=  402 AccDes= 0.00D+00 IRadAn=         5 IDoV= 1 UseB2=F ITyADJ=14
 ICtDFT=  3500011 ScaDFX=  1.000000  1.000000  1.000000  1.000000
 FoFCou: FMM=F IPFlag=           0 FMFlag=      100000 FMFlg1=           0
         NFxFlg=           0 DoJE=T BraDBF=F KetDBF=T FulRan=T
         wScrn=  0.000000 ICntrl=       500 IOpCl=  0 I1Cent=   200000004 NGrid=           0
         NMat0=    1 NMatS0=      1 NMatT0=    0 NMatD0=    1 NMtDS0=    0 NMtDT0=    0
 Petite list used in FoFCou.
 Harris En= -956.675554016092    
 JPrj=0 DoOrth=F DoCkMO=F.
 Initial guess orbital symmetries:
       Occupied  (A1) (B2) (A1) (A1) (B2) (A1) (B2) (A1) (B2) (B1)
                 (A2) (A1) (B2) (A1) (B1) (A1) (B2) (A1) (A2) (B1)
                 (B2)
       Virtual   (A1) (B2) (A1) (B1) (B2) (A1) (A1) (B2) (A2) (A1)
                 (B1) (A1) (B1) (B2) (B2) (A2) (A1) (B2) (A1) (A1)
                 (B2) (B1) (A2) (A1) (B2) (B2) (B1) (B2) (A2) (A1)
                 (A1) (B2) (A1) (A1) (B2) (A1)
 The electronic state of the initial guess is 1-A1.
 Leave Link  401 at Mon Apr  6 14:03:09 2020, MaxMem=  1073741824 cpu:               0.8 elap:               0.3
 (Enter /n/sw/g16_nehalem/g16/l502.exe)
 Keep R1 ints in memory in symmetry-blocked form, NReq=4890926.
 FoFCou: FMM=F IPFlag=           0 FMFlag=           0 FMFlg1=           0
         NFxFlg=           0 DoJE=F BraDBF=F KetDBF=F FulRan=T
         wScrn=  0.000000 ICntrl=       600 IOpCl=  0 I1Cent=           0 NGrid=           0
         NMat0=    1 NMatS0=   1653 NMatT0=    0 NMatD0=    1 NMtDS0=    0 NMtDT0=    0
 Petite list used in FoFCou.
 Closed shell SCF:
 Using DIIS extrapolation, IDIIS=  1040.
 NGot=  1073741824 LenX=  1073361138 LenY=  1073357448
 Requested convergence on RMS density matrix=1.00D-08 within 128 cycles.
 Requested convergence on MAX density matrix=1.00D-06.
 Requested convergence on             energy=1.00D-06.
 No special actions if energy rises.
 Integral accuracy reduced to 1.0D-05 until final iterations.

 Cycle   1  Pass 0  IDiag  1:
 E= -956.041361372817    
 DIIS: error= 9.17D-02 at cycle   1 NSaved=   1.
 NSaved= 1 IEnMin= 1 EnMin= -956.041361372817     IErMin= 1 ErrMin= 9.17D-02
 ErrMax= 9.17D-02  0.00D+00 EMaxC= 1.00D-01 BMatC= 6.86D-01 BMatP= 6.86D-01
 IDIUse=3 WtCom= 8.27D-02 WtEn= 9.17D-01
 Coeff-Com:  0.100D+01
 Coeff-En:   0.100D+01
 Coeff:      0.100D+01
 Gap=     0.069 Goal=   None    Shift=    0.000
 GapD=    0.069 DampG=0.500 DampE=0.500 DampFc=0.2500 IDamp=-1.
 Damping current iteration by 2.50D-01
 RMSDP=7.52D-02 MaxDP=7.99D-01              OVMax= 5.33D-01

 Cycle   2  Pass 0  IDiag  1:
 E= -956.208582591233     Delta-E=       -0.167221218416 Rises=F Damp=T
 DIIS: error= 4.28D-02 at cycle   2 NSaved=   2.
 NSaved= 2 IEnMin= 2 EnMin= -956.208582591233     IErMin= 2 ErrMin= 4.28D-02
 ErrMax= 4.28D-02  0.00D+00 EMaxC= 1.00D-01 BMatC= 1.51D-01 BMatP= 6.86D-01
 IDIUse=3 WtCom= 5.72D-01 WtEn= 4.28D-01
 Coeff-Com: -0.814D+00 0.181D+01
 Coeff-En:   0.000D+00 0.100D+01
 Coeff:     -0.466D+00 0.147D+01
 Gap=     0.123 Goal=   None    Shift=    0.000
 RMSDP=2.52D-02 MaxDP=2.75D-01 DE=-1.67D-01 OVMax= 3.70D-01

 Cycle   3  Pass 0  IDiag  1:
 E= -956.473926879832     Delta-E=       -0.265344288599 Rises=F Damp=F
 DIIS: error= 1.33D-02 at cycle   3 NSaved=   3.
 NSaved= 3 IEnMin= 3 EnMin= -956.473926879832     IErMin= 3 ErrMin= 1.33D-02
 ErrMax= 1.33D-02  0.00D+00 EMaxC= 1.00D-01 BMatC= 1.70D-02 BMatP= 1.51D-01
 IDIUse=3 WtCom= 8.67D-01 WtEn= 1.33D-01
 Coeff-Com:  0.541D-01 0.143D+00 0.803D+00
 Coeff-En:   0.000D+00 0.000D+00 0.100D+01
 Coeff:      0.469D-01 0.124D+00 0.829D+00
 Gap=     0.164 Goal=   None    Shift=    0.000
 RMSDP=8.20D-03 MaxDP=8.80D-02 DE=-2.65D-01 OVMax= 4.46D-02

 Cycle   4  Pass 0  IDiag  1:
 E= -956.483289302324     Delta-E=       -0.009362422492 Rises=F Damp=F
 DIIS: error= 6.18D-03 at cycle   4 NSaved=   4.
 NSaved= 4 IEnMin= 4 EnMin= -956.483289302324     IErMin= 4 ErrMin= 6.18D-03
 ErrMax= 6.18D-03  0.00D+00 EMaxC= 1.00D-01 BMatC= 2.32D-03 BMatP= 1.70D-02
 IDIUse=3 WtCom= 9.38D-01 WtEn= 6.18D-02
 Coeff-Com:  0.728D-01-0.345D-01 0.465D+00 0.496D+00
 Coeff-En:   0.000D+00 0.000D+00 0.795D-01 0.921D+00
 Coeff:      0.683D-01-0.323D-01 0.442D+00 0.523D+00
 Gap=     0.163 Goal=   None    Shift=    0.000
 RMSDP=3.70D-03 MaxDP=4.40D-02 DE=-9.36D-03 OVMax= 2.98D-02

 Cycle   5  Pass 0  IDiag  1:
 E= -956.485468423851     Delta-E=       -0.002179121526 Rises=F Damp=F
 DIIS: error= 1.22D-03 at cycle   5 NSaved=   5.
 NSaved= 5 IEnMin= 5 EnMin= -956.485468423851     IErMin= 5 ErrMin= 1.22D-03
 ErrMax= 1.22D-03  0.00D+00 EMaxC= 1.00D-01 BMatC= 9.67D-05 BMatP= 2.32D-03
 IDIUse=3 WtCom= 9.88D-01 WtEn= 1.22D-02
 Coeff-Com:  0.150D-01-0.234D-01 0.517D-01 0.205D+00 0.751D+00
 Coeff-En:   0.000D+00 0.000D+00 0.000D+00 0.000D+00 0.100D+01
 Coeff:      0.148D-01-0.231D-01 0.511D-01 0.203D+00 0.754D+00
 Gap=     0.164 Goal=   None    Shift=    0.000
 RMSDP=4.75D-04 MaxDP=5.47D-03 DE=-2.18D-03 OVMax= 3.69D-03

 Cycle   6  Pass 0  IDiag  1:
 E= -956.485554157750     Delta-E=       -0.000085733899 Rises=F Damp=F
 DIIS: error= 6.59D-05 at cycle   6 NSaved=   6.
 NSaved= 6 IEnMin= 6 EnMin= -956.485554157750     IErMin= 6 ErrMin= 6.59D-05
 ErrMax= 6.59D-05  0.00D+00 EMaxC= 1.00D-01 BMatC= 2.02D-07 BMatP= 9.67D-05
 IDIUse=1 WtCom= 1.00D+00 WtEn= 0.00D+00
 Coeff-Com: -0.402D-04-0.344D-03 0.220D-02 0.278D-01 0.920D-01 0.878D+00
 Coeff:     -0.402D-04-0.344D-03 0.220D-02 0.278D-01 0.920D-01 0.878D+00
 Gap=     0.164 Goal=   None    Shift=    0.000
 RMSDP=3.67D-05 MaxDP=4.42D-04 DE=-8.57D-05 OVMax= 3.81D-04

 Cycle   7  Pass 0  IDiag  1:
 E= -956.485554421631     Delta-E=       -0.000000263881 Rises=F Damp=F
 DIIS: error= 3.27D-06 at cycle   7 NSaved=   7.
 NSaved= 7 IEnMin= 7 EnMin= -956.485554421631     IErMin= 7 ErrMin= 3.27D-06
 ErrMax= 3.27D-06  0.00D+00 EMaxC= 1.00D-01 BMatC= 6.47D-10 BMatP= 2.02D-07
 IDIUse=1 WtCom= 1.00D+00 WtEn= 0.00D+00
 Coeff-Com: -0.149D-03 0.211D-03-0.520D-04 0.125D-02 0.353D-02 0.847D-01
 Coeff-Com:  0.911D+00
 Coeff:     -0.149D-03 0.211D-03-0.520D-04 0.125D-02 0.353D-02 0.847D-01
 Coeff:      0.911D+00
 Gap=     0.164 Goal=   None    Shift=    0.000
 RMSDP=3.30D-06 MaxDP=4.37D-05 DE=-2.64D-07 OVMax= 1.62D-05

 Initial convergence to 1.0D-05 achieved.  Increase integral accuracy.
 Cycle   8  Pass 1  IDiag  1:
 E= -956.485538311238     Delta-E=        0.000016110394 Rises=F Damp=F
 DIIS: error= 1.55D-06 at cycle   1 NSaved=   1.
 NSaved= 1 IEnMin= 1 EnMin= -956.485538311238     IErMin= 1 ErrMin= 1.55D-06
 ErrMax= 1.55D-06  0.00D+00 EMaxC= 1.00D-01 BMatC= 2.54D-10 BMatP= 2.54D-10
 IDIUse=1 WtCom= 1.00D+00 WtEn= 0.00D+00
 Coeff-Com:  0.100D+01
 Coeff:      0.100D+01
 Gap=     0.164 Goal=   None    Shift=    0.000
 RMSDP=3.30D-06 MaxDP=4.37D-05 DE= 1.61D-05 OVMax= 1.06D-05

 Cycle   9  Pass 1  IDiag  1:
 E= -956.485538311551     Delta-E=       -0.000000000313 Rises=F Damp=F
 DIIS: error= 1.12D-06 at cycle   2 NSaved=   2.
 NSaved= 2 IEnMin= 2 EnMin= -956.485538311551     IErMin= 2 ErrMin= 1.12D-06
 ErrMax= 1.12D-06  0.00D+00 EMaxC= 1.00D-01 BMatC= 7.17D-11 BMatP= 2.54D-10
 IDIUse=1 WtCom= 1.00D+00 WtEn= 0.00D+00
 Coeff-Com:  0.285D+00 0.715D+00
 Coeff:      0.285D+00 0.715D+00
 Gap=     0.164 Goal=   None    Shift=    0.000
 RMSDP=8.15D-07 MaxDP=1.09D-05 DE=-3.13D-10 OVMax= 9.38D-06

 Cycle  10  Pass 1  IDiag  1:
 E= -956.485538311567     Delta-E=       -0.000000000016 Rises=F Damp=F
 DIIS: error= 1.02D-06 at cycle   3 NSaved=   3.
 NSaved= 3 IEnMin= 3 EnMin= -956.485538311567     IErMin= 3 ErrMin= 1.02D-06
 ErrMax= 1.02D-06  0.00D+00 EMaxC= 1.00D-01 BMatC= 4.56D-11 BMatP= 7.17D-11
 IDIUse=1 WtCom= 1.00D+00 WtEn= 0.00D+00
 Coeff-Com: -0.124D-01 0.443D+00 0.570D+00
 Coeff:     -0.124D-01 0.443D+00 0.570D+00
 Gap=     0.164 Goal=   None    Shift=    0.000
 RMSDP=5.78D-07 MaxDP=6.61D-06 DE=-1.64D-11 OVMax= 5.48D-06

 Cycle  11  Pass 1  IDiag  1:
 E= -956.485538311614     Delta-E=       -0.000000000047 Rises=F Damp=F
 DIIS: error= 1.46D-07 at cycle   4 NSaved=   4.
 NSaved= 4 IEnMin= 4 EnMin= -956.485538311614     IErMin= 4 ErrMin= 1.46D-07
 ErrMax= 1.46D-07  0.00D+00 EMaxC= 1.00D-01 BMatC= 1.23D-12 BMatP= 4.56D-11
 IDIUse=1 WtCom= 1.00D+00 WtEn= 0.00D+00
 Coeff-Com: -0.103D-01 0.184D+00 0.285D+00 0.541D+00
 Coeff:     -0.103D-01 0.184D+00 0.285D+00 0.541D+00
 Gap=     0.164 Goal=   None    Shift=    0.000
 RMSDP=6.98D-08 MaxDP=5.60D-07 DE=-4.71D-11 OVMax= 7.52D-07

 Cycle  12  Pass 1  IDiag  1:
 E= -956.485538311618     Delta-E=       -0.000000000004 Rises=F Damp=F
 DIIS: error= 3.83D-08 at cycle   5 NSaved=   5.
 NSaved= 5 IEnMin= 5 EnMin= -956.485538311618     IErMin= 5 ErrMin= 3.83D-08
 ErrMax= 3.83D-08  0.00D+00 EMaxC= 1.00D-01 BMatC= 1.03D-13 BMatP= 1.23D-12
 IDIUse=1 WtCom= 1.00D+00 WtEn= 0.00D+00
 Coeff-Com: -0.446D-02 0.374D-01 0.809D-01 0.256D+00 0.630D+00
 Coeff:     -0.446D-02 0.374D-01 0.809D-01 0.256D+00 0.630D+00
 Gap=     0.164 Goal=   None    Shift=    0.000
 RMSDP=1.54D-08 MaxDP=2.27D-07 DE=-4.09D-12 OVMax= 6.83D-08

 Cycle  13  Pass 1  IDiag  1:
 E= -956.485538311619     Delta-E=       -0.000000000001 Rises=F Damp=F
 DIIS: error= 2.23D-09 at cycle   6 NSaved=   6.
 NSaved= 6 IEnMin= 6 EnMin= -956.485538311619     IErMin= 6 ErrMin= 2.23D-09
 ErrMax= 2.23D-09  0.00D+00 EMaxC= 1.00D-01 BMatC= 6.12D-16 BMatP= 1.03D-13
 IDIUse=1 WtCom= 1.00D+00 WtEn= 0.00D+00
 Coeff-Com:  0.282D-03-0.696D-02-0.840D-02-0.196D-02 0.610D-01 0.956D+00
 Coeff:      0.282D-03-0.696D-02-0.840D-02-0.196D-02 0.610D-01 0.956D+00
 Gap=     0.164 Goal=   None    Shift=    0.000
 RMSDP=4.29D-09 MaxDP=6.85D-08 DE=-9.09D-13 OVMax= 1.42D-08

 SCF Done:  E(RB3LYP) =  -956.485538312     A.U. after   13 cycles
            NFock= 13  Conv=0.43D-08     -V/T= 1.9886
 KE= 9.675583066841D+02 PE=-2.765303922524D+03 EE= 5.967259140334D+02
 Leave Link  502 at Mon Apr  6 14:03:10 2020, MaxMem=  1073741824 cpu:               2.0 elap:               0.6
 (Enter /n/sw/g16_nehalem/g16/l601.exe)
 Copying SCF densities to generalized density rwf, IOpCl= 0 IROHF=0.

 **********************************************************************

            Population analysis using the SCF density.

 **********************************************************************

 Orbital symmetries:
       Occupied  (A1) (B2) (A1) (A1) (B2) (A1) (B2) (A1) (B2) (B1)
                 (A2) (A1) (B2) (A1) (B1) (A1) (B2) (A1) (A2) (B1)
                 (B2)
       Virtual   (B2) (A1) (A1) (B1) (B2) (A1) (A1) (B2) (A2) (A1)
                 (B1) (B2) (A1) (B1) (B2) (A2) (A1) (B2) (A1) (A1)
                 (B2) (B1) (A2) (A1) (B2) (B2) (B1) (A2) (B2) (A1)
                 (A1) (B2) (A1) (A1) (B2) (A1)
 The electronic state is 1-A1.
 Alpha  occ. eigenvalues -- -101.64752-101.64751 -10.31963  -9.63018  -9.62782
 Alpha  occ. eigenvalues --   -7.40025  -7.39274  -7.37632  -7.37349  -7.36101
 Alpha  occ. eigenvalues --   -7.36008  -1.55091  -1.04113  -0.91180  -0.84449
 Alpha  occ. eigenvalues --   -0.67135  -0.55642  -0.43581  -0.31508  -0.17669
 Alpha  occ. eigenvalues --   -0.15023
 Alpha virt. eigenvalues --    0.01366   0.03133   0.10240   0.20444   0.21637
 Alpha virt. eigenvalues --    0.24465   0.32995   0.38130   0.41885   0.42210
 Alpha virt. eigenvalues --    0.49803   0.54148   0.54817   0.56727   0.60427
 Alpha virt. eigenvalues --    0.71861   0.73228   0.80787   0.91246   0.99724
 Alpha virt. eigenvalues --    0.99908   1.09678   1.18950   1.23009   1.29088
 Alpha virt. eigenvalues --    1.73812   2.18037   2.21895   2.23285   2.29743
 Alpha virt. eigenvalues --    2.38406   3.67219   3.74018   4.22946   4.38519
 Alpha virt. eigenvalues --    5.01695
          Condensed to atoms (all electrons):
               1          2          3          4          5
     1  C    7.672664   0.042686   0.042686  -0.853382  -0.853382
     2  H    0.042686   1.301714  -0.421378  -0.287287   0.357384
     3  H    0.042686  -0.421378   1.301714   0.357384  -0.287287
     4  Cl  -0.853382  -0.287287   0.357384  19.817310  -2.052778
     5  Cl  -0.853382   0.357384  -0.287287  -2.052778  19.817310
 Mulliken charges:
               1
     1  C   -0.051271
     2  H    0.006881
     3  H    0.006881
     4  Cl   0.018754
     5  Cl   0.018754
 Sum of Mulliken charges =   0.00000
 Mulliken charges with hydrogens summed into heavy atoms:
               1
     1  C   -0.037508
     4  Cl   0.018754
     5  Cl   0.018754
 Electronic spatial extent (au):  <R**2>=            155.9773
 Charge=              0.0000 electrons
 Dipole moment (field-independent basis, Debye):
    X=              0.0000    Y=              0.0000    Z=              0.3316  Tot=              0.3316
 Quadrupole moment (field-independent basis, Debye-Ang):
   XX=            -31.2022   YY=            -34.7782   ZZ=            -29.4524
   XY=              0.0000   XZ=              0.0000   YZ=              0.0000
 Traceless Quadrupole moment (field-independent basis, Debye-Ang):
   XX=              0.6088   YY=             -2.9673   ZZ=              2.3585
   XY=              0.0000   XZ=              0.0000   YZ=              0.0000
 Octapole moment (field-independent basis, Debye-Ang**2):
  XXX=              0.0000  YYY=              0.0000  ZZZ=             -4.5141  XYY=              0.0000
  XXY=              0.0000  XXZ=              0.9286  XZZ=              0.0000  YZZ=              0.0000
  YYZ=             -3.4426  XYZ=              0.0000
 Hexadecapole moment (field-independent basis, Debye-Ang**3):
 XXXX=            -33.8832 YYYY=           -132.0026 ZZZZ=            -61.9009 XXXY=              0.0000
 XXXZ=              0.0000 YYYX=              0.0000 YYYZ=              0.0000 ZZZX=              0.0000
 ZZZY=              0.0000 XXYY=            -29.0084 XXZZ=            -17.0042 YYZZ=            -32.3172
 XXYZ=              0.0000 YYXZ=              0.0000 ZZXY=              0.0000
 N-N= 2.445341634946D+02 E-N=-2.765303922406D+03  KE= 9.675583066841D+02
 Symmetry A1   KE= 4.552263242432D+02
 Symmetry A2   KE= 4.680960958450D+01
 Symmetry B1   KE= 4.918408065040D+01
 Symmetry B2   KE= 4.163382922061D+02
 No NMR shielding tensors so no spin-rotation constants.
 Leave Link  601 at Mon Apr  6 14:03:10 2020, MaxMem=  1073741824 cpu:               0.4 elap:               0.2
 (Enter /n/sw/g16_nehalem/g16/l701.exe)
 ... and contract with generalized density number  0.
 Compute integral first derivatives.
 Leave Link  701 at Mon Apr  6 14:03:10 2020, MaxMem=  1073741824 cpu:               0.3 elap:               0.2
 (Enter /n/sw/g16_nehalem/g16/l702.exe)
 L702 exits ... SP integral derivatives will be done elsewhere.
 Leave Link  702 at Mon Apr  6 14:03:10 2020, MaxMem=  1073741824 cpu:               0.2 elap:               0.0
 (Enter /n/sw/g16_nehalem/g16/l703.exe)
 Integral derivatives from FoFJK, PRISM(SPDF).
 Compute integral first derivatives, UseDBF=F ICtDFT=           0.
 Calling FoFJK, ICntrl=      2127 FMM=F ISym2X=1 I1Cent= 0 IOpClX= 0 NMat=1 NMatS=1 NMatT=0.
 FoFJK:  IHMeth= 1 ICntrl=    2127 DoSepK=F KAlg= 0 I1Cent=           0 FoldK=F
 IRaf=         0 NMat=       1 IRICut=       1 DoRegI=T DoRafI=F ISym2E= 1 IDoP0=0 IntGTp=1.
 FoFCou: FMM=F IPFlag=           0 FMFlag=      100000 FMFlg1=         800
         NFxFlg=           0 DoJE=F BraDBF=F KetDBF=F FulRan=T
         wScrn=  0.000000 ICntrl=      2127 IOpCl=  0 I1Cent=           0 NGrid=           0
         NMat0=    1 NMatS0=      1 NMatT0=    0 NMatD0=    1 NMtDS0=    0 NMtDT0=    0
 Petite list used in FoFCou.
 Leave Link  703 at Mon Apr  6 14:03:11 2020, MaxMem=  1073741824 cpu:               1.4 elap:               0.4
 (Enter /n/sw/g16_nehalem/g16/l716.exe)
 Dipole        = 1.78262851D-18 0.00000000D+00 1.30457276D-01
 ***** Axes restored to original set *****
 -------------------------------------------------------------------
 Center     Atomic                   Forces (Hartrees/Bohr)
 Number     Number              X              Y              Z
 -------------------------------------------------------------------
      1        6           2.672010074    2.672010074    0.000000000
      2        1           0.060240001    0.229591294    0.000000000
      3        1           0.229591294    0.060240001    0.000000000
      4       17          -3.710857938    0.749016569    0.000000000
      5       17           0.749016569   -3.710857938    0.000000000
 -------------------------------------------------------------------
 Cartesian Forces:  Max     3.710857938 RMS     1.694204683
 Z-matrix is all fixed cartesians, so copy forces.
 Force constants in Cartesian coordinates: 
                1             2             3             4             5 
      1  0.183853D+02
      2  0.252026D-01  0.183853D+02
      3  0.000000D+00  0.000000D+00  0.716873D+00
      4 -0.214222D+00  0.224023D-01  0.000000D+00  0.280690D+00
      5 -0.350036D-01 -0.499286D+00  0.000000D+00  0.101471D+00  0.623159D+00
      6  0.000000D+00  0.000000D+00 -0.179218D+00  0.000000D+00  0.000000D+00
      7 -0.499286D+00 -0.350036D-01  0.000000D+00  0.000000D+00  0.000000D+00
      8  0.224023D-01 -0.214222D+00  0.000000D+00  0.448046D-01  0.000000D+00
      9  0.000000D+00  0.000000D+00 -0.179218D+00  0.000000D+00  0.000000D+00
     10 -0.174100D+02  0.126013D-01  0.000000D+00 -0.122474D+00 -0.552667D-01
     11 -0.252026D-01 -0.261827D+00  0.000000D+00 -0.179879D+00 -0.112673D+00
     12  0.000000D+00  0.000000D+00 -0.179218D+00  0.000000D+00  0.000000D+00
     13 -0.261827D+00 -0.252026D-01  0.000000D+00  0.560057D-01 -0.112011D-01
     14  0.126013D-01 -0.174100D+02  0.000000D+00  0.112011D-01 -0.112011D-01
     15  0.000000D+00  0.000000D+00 -0.179218D+00  0.000000D+00  0.000000D+00
                6             7             8             9            10 
      6  0.100422D+00
      7  0.000000D+00  0.623159D+00
      8  0.000000D+00  0.101471D+00  0.280690D+00
      9 -0.108134D-01  0.000000D+00  0.000000D+00  0.100422D+00
     10  0.000000D+00 -0.112011D-01  0.112011D-01  0.000000D+00  0.214915D+02
     11  0.000000D+00 -0.112011D-01  0.560057D-01  0.000000D+00 -0.381410D+01
     12 -0.108134D-01  0.000000D+00  0.000000D+00  0.100422D+00  0.000000D+00
     13  0.000000D+00 -0.112673D+00 -0.179879D+00  0.000000D+00 -0.394778D+01
     14  0.000000D+00 -0.552667D-01 -0.122474D+00  0.000000D+00  0.384557D+01
     15  0.100422D+00  0.000000D+00  0.000000D+00 -0.108134D-01  0.000000D+00
               11            12            13            14            15 
     11  0.426627D+01
     12  0.000000D+00  0.100422D+00
     13  0.403039D+01  0.000000D+00  0.426627D+01
     14 -0.394778D+01  0.000000D+00 -0.381410D+01  0.214915D+02
     15  0.000000D+00 -0.108134D-01  0.000000D+00  0.000000D+00  0.100422D+00
 Leave Link  716 at Mon Apr  6 14:03:11 2020, MaxMem=  1073741824 cpu:               0.1 elap:               0.1
 (Enter /n/sw/g16_nehalem/g16/l103.exe)

 GradGradGradGradGradGradGradGradGradGradGradGradGradGradGradGradGradGrad
 Berny optimization.
 Search for a local minimum.
 Step number   1 out of a maximum of    2
 All quantities printed in internal units (Hartrees-Bohrs-Radians)
 Second derivative matrix not updated -- first step.
 The second derivative matrix:
                          X1        Y1        Z1        X2        Y2
           X1          18.38534
           Y1           0.02520  18.38534
           Z1           0.00000   0.00000   0.71687
           X2          -0.21422   0.02240   0.00000   0.28069
           Y2          -0.03500  -0.49929   0.00000   0.10147   0.62316
           Z2           0.00000   0.00000  -0.17922   0.00000   0.00000
           X3          -0.49929  -0.03500   0.00000   0.00000   0.00000
           Y3           0.02240  -0.21422   0.00000   0.04480   0.00000
           Z3           0.00000   0.00000  -0.17922   0.00000   0.00000
           X4         -17.41001   0.01260   0.00000  -0.12247  -0.05527
           Y4          -0.02520  -0.26183   0.00000  -0.17988  -0.11267
           Z4           0.00000   0.00000  -0.17922   0.00000   0.00000
           X5          -0.26183  -0.02520   0.00000   0.05601  -0.01120
           Y5           0.01260 -17.41001   0.00000   0.01120  -0.01120
           Z5           0.00000   0.00000  -0.17922   0.00000   0.00000
                          Z2        X3        Y3        Z3        X4
           Z2           0.10042
           X3           0.00000   0.62316
           Y3           0.00000   0.10147   0.28069
           Z3          -0.01081   0.00000   0.00000   0.10042
           X4           0.00000  -0.01120   0.01120   0.00000  21.49146
           Y4           0.00000  -0.01120   0.05601   0.00000  -3.81410
           Z4          -0.01081   0.00000   0.00000   0.10042   0.00000
           X5           0.00000  -0.11267  -0.17988   0.00000  -3.94778
           Y5           0.00000  -0.05527  -0.12247   0.00000   3.84557
           Z5           0.10042   0.00000   0.00000  -0.01081   0.00000
                          Y4        Z4        X5        Y5        Z5
           Y4           4.26627
           Z4           0.00000   0.10042
           X5           4.03039   0.00000   4.26627
           Y5          -3.94778   0.00000  -3.81410  21.49146
           Z5           0.00000  -0.01081   0.00000   0.00000   0.10042
 ITU=  0
     Eigenvalues ---    0.16220   0.30847   0.57972   0.75035   0.76143
     Eigenvalues ---    0.82307  10.79019  33.75492  39.75664
 Quadratic step=5.759D-01 exceeds max=3.000D-01 adjusted using Lamda=-9.011D-01.
 Angle between NR and scaled steps=  17.10 degrees.
 Angle between quadratic step and forces=  54.95 degrees.
 ClnCor:  largest displacement from symmetrization is 6.82D-15 for atom     3.
 Linear search not attempted -- first point.
 ClnCor:  largest displacement from symmetrization is 4.85D-16 for atom     5.
 B after Tr=    -0.038013   -0.038013    0.000000
         Rot=    1.000000    0.000000    0.000000    0.000000 Ang=   0.00 deg.
 Variable       Old X    -DE/DX   Delta X   Delta X   Delta X     New X
                                 (Linear)    (Quad)   (Total)
    X1        0.00000   2.67201   0.00000   0.05761   0.01960   0.01960
    Y1        0.00000   2.67201   0.00000   0.05761   0.01960   0.01960
    Z1        0.00000   0.00000   0.00000   0.00000   0.00000   0.00000
    X2        0.00000   0.06024   0.00000   0.04695   0.00894   0.00894
    Y2        1.88973   0.22959   0.00000   0.17309   0.13508   2.02481
    Z2        0.00000   0.00000   0.00000   0.00000   0.00000   0.00000
    X3        1.88973   0.22959   0.00000   0.17309   0.13508   2.02481
    Y3        0.00000   0.06024   0.00000   0.04695   0.00894   0.00894
    Z3        0.00000   0.00000   0.00000   0.00000   0.00000   0.00000
    X4       -1.88973  -3.71086   0.00000  -0.09753  -0.13555  -2.02527
    Y4        0.00000   0.74902   0.00000   0.00994  -0.02808  -0.02808
    Z4        0.00000   0.00000   0.00000   0.00000   0.00000   0.00000
    X5        0.00000   0.74902   0.00000   0.00994  -0.02808  -0.02808
    Y5       -1.88973  -3.71086   0.00000  -0.09753  -0.13555  -2.02527
    Z5        0.00000   0.00000   0.00000   0.00000   0.00000   0.00000
         Item               Value     Threshold  Converged?
 Maximum Force            3.710858     0.000450     NO 
 RMS     Force            1.694205     0.000300     NO 
 Maximum Displacement     0.135545     0.001800     NO 
 RMS     Displacement     0.071060     0.001200     NO 
 Predicted change in Energy=-6.065197D-01
 GradGradGradGradGradGradGradGradGradGradGradGradGradGradGradGradGradGrad

 Leave Link  103 at Mon Apr  6 14:03:11 2020, MaxMem=  1073741824 cpu:               0.1 elap:               0.1
 (Enter /n/sw/g16_nehalem/g16/l9999.exe)
 1\1\GINC-BOSLOGIN01\Force\RB3LYP\6-31G(d)\C1H2Cl2\CWAGEN\06-Apr-2020\0
 \\#p force b3lyp/6-31g(d)\\title\\0,1\C,0.,0.,0.\H,0.,1.,0.\H,1.,0.,0.
 \Cl,-1.,0.,0.\Cl,0.,-1.,0.\\Version=ES64L-G16RevA.03\State=1-A1\HF=-95
 6.4855383\RMSD=4.291e-09\RMSF=1.694e+00\Dipole=0.0922472,0.0922472,0.\
 Quadrupole=-0.2263054,-0.2263054,0.4526108,1.9798078,0.,0.\PG=C02V [C2
 (C1),SGV(H2Cl2)]\\@


 IF YOU PERCEIVE THAT THERE ARE FOUR POSSIBLE WAYS IN
 WHICH A PROCEDURE CAN GO WRONG AND CIRCUMVENT THESE, 
 THEN A FIFTH WAY WILL DEVELOP.

                              -- MURPHY'S TWELFTH LAW
 Job cpu time:       0 days  0 hours  0 minutes  9.6 seconds.
 Elapsed time:       0 days  0 hours  0 minutes  3.1 seconds.
 File lengths (MBytes):  RWF=      6 Int=      0 D2E=      0 Chk=      1 Scr=      1
 Normal termination of Gaussian 16 at Mon Apr  6 14:03:11 2020.
