 Entering Gaussian System, Link 0=g16
 Input=phenylpropane_2.gjf
 Output=phenylpropane_2.out
 Initial command:
 /n/sw/g16_nehalem/g16/l1.exe "/scratch/Gau-85208.inp" -scrdir="/scratch/"
 Entering Link 1 = /n/sw/g16_nehalem/g16/l1.exe PID=     85210.
  
 Copyright (c) 1988,1990,1992,1993,1995,1998,2003,2009,2016,
            Gaussian, Inc.  All Rights Reserved.
  
 This is part of the Gaussian(R) 16 program.  It is based on
 the Gaussian(R) 09 system (copyright 2009, Gaussian, Inc.),
 the Gaussian(R) 03 system (copyright 2003, Gaussian, Inc.),
 the Gaussian(R) 98 system (copyright 1998, Gaussian, Inc.),
 the Gaussian(R) 94 system (copyright 1995, Gaussian, Inc.),
 the Gaussian 92(TM) system (copyright 1992, Gaussian, Inc.),
 the Gaussian 90(TM) system (copyright 1990, Gaussian, Inc.),
 the Gaussian 88(TM) system (copyright 1988, Gaussian, Inc.),
 the Gaussian 86(TM) system (copyright 1986, Carnegie Mellon
 University), and the Gaussian 82(TM) system (copyright 1983,
 Carnegie Mellon University). Gaussian is a federally registered
 trademark of Gaussian, Inc.
  
 This software contains proprietary and confidential information,
 including trade secrets, belonging to Gaussian, Inc.
  
 This software is provided under written license and may be
 used, copied, transmitted, or stored only in accord with that
 written license.
  
 The following legend is applicable only to US Government
 contracts under FAR:
  
                    RESTRICTED RIGHTS LEGEND
  
 Use, reproduction and disclosure by the US Government is
 subject to restrictions as set forth in subparagraphs (a)
 and (c) of the Commercial Computer Software - Restricted
 Rights clause in FAR 52.227-19.
  
 Gaussian, Inc.
 340 Quinnipiac St., Bldg. 40, Wallingford CT 06492
  
  
 ---------------------------------------------------------------
 Warning -- This program may not be used in any manner that
 competes with the business of Gaussian, Inc. or will provide
 assistance to any competitor of Gaussian, Inc.  The licensee
 of this program is prohibited from giving any competitor of
 Gaussian, Inc. access to this program.  By using this program,
 the user acknowledges that Gaussian, Inc. is engaged in the
 business of creating and licensing software in the field of
 computational chemistry and represents and warrants to the
 licensee that it is not a competitor of Gaussian, Inc. and that
 it will not use this program in any manner prohibited above.
 ---------------------------------------------------------------
  

 Cite this work as:
 Gaussian 16, Revision A.03,
 M. J. Frisch, G. W. Trucks, H. B. Schlegel, G. E. Scuseria, 
 M. A. Robb, J. R. Cheeseman, G. Scalmani, V. Barone, 
 G. A. Petersson, H. Nakatsuji, X. Li, M. Caricato, A. V. Marenich, 
 J. Bloino, B. G. Janesko, R. Gomperts, B. Mennucci, H. P. Hratchian, 
 J. V. Ortiz, A. F. Izmaylov, J. L. Sonnenberg, D. Williams-Young, 
 F. Ding, F. Lipparini, F. Egidi, J. Goings, B. Peng, A. Petrone, 
 T. Henderson, D. Ranasinghe, V. G. Zakrzewski, J. Gao, N. Rega, 
 G. Zheng, W. Liang, M. Hada, M. Ehara, K. Toyota, R. Fukuda, 
 J. Hasegawa, M. Ishida, T. Nakajima, Y. Honda, O. Kitao, H. Nakai, 
 T. Vreven, K. Throssell, J. A. Montgomery, Jr., J. E. Peralta, 
 F. Ogliaro, M. J. Bearpark, J. J. Heyd, E. N. Brothers, K. N. Kudin, 
 V. N. Staroverov, T. A. Keith, R. Kobayashi, J. Normand, 
 K. Raghavachari, A. P. Rendell, J. C. Burant, S. S. Iyengar, 
 J. Tomasi, M. Cossi, J. M. Millam, M. Klene, C. Adamo, R. Cammi, 
 J. W. Ochterski, R. L. Martin, K. Morokuma, O. Farkas, 
 J. B. Foresman, and D. J. Fox, Gaussian, Inc., Wallingford CT, 2016.
 
 ******************************************
 Gaussian 16:  ES64L-G16RevA.03 25-Dec-2016
                 3-Apr-2020 
 ******************************************
 %mem=3GB
 %nprocshared=4
 Will use up to    4 processors via shared memory.
 -------
 #p pddg
 -------
 1/38=1,172=1/1;
 2/12=2,17=6,18=5,40=1/2;
 3/5=2,25=1,41=4000000/1,2,3;
 4/35=1/1;
 5/5=2,35=1,38=5/2;
 6/7=2,8=2,9=2,10=2,28=1/1;
 99/5=1,9=1/99;
 Leave Link    1 at Fri Apr  3 21:28:33 2020, MaxMem=   402653184 cpu:               0.1 elap:               0.0
 (Enter /n/sw/g16_nehalem/g16/l101.exe)
 -------------------
 Title Card Required
 -------------------
 Symbolic Z-matrix:
 Charge =  0 Multiplicity = 1
 C                    -2.48013   1.51828   0. 
 C                    -1.08497   1.51828   0. 
 C                    -0.38743   2.72603   0. 
 C                    -1.08508   3.93454  -0.0012 
 C                    -2.47991   3.93446  -0.00168 
 C                    -3.17751   2.72626  -0.00068 
 H                    -3.02989   0.56597   0.00045 
 H                    -0.53546   0.56577   0.00132 
 H                    -0.53488   4.88669  -0.00126 
 H                    -3.03003   4.88675  -0.00263 
 H                    -4.27711   2.72644  -0.00086 
 C                     1.15257   2.72615   0.00089 
 H                     1.50865   2.85058   1.0022 
 H                     1.50953   1.79699  -0.39172 
 C                     1.66632   3.88446  -0.8743 
 H                     1.30065   3.76632  -1.87291 
 H                     1.31901   4.81442  -0.47498 
 C                     3.20624   3.87438  -0.88696 
 H                     3.55353   2.94611  -1.29022 
 H                     3.56324   4.68174  -1.49162 
 H                     3.57189   3.98826   0.11215 
 
 ITRead=  0  0  0  0  0  0  0  0  0  0  0  0  0  0  0  0  0  0  0  0
 ITRead=  0
 MicOpt= -1 -1 -1 -1 -1 -1 -1 -1 -1 -1 -1 -1 -1 -1 -1 -1 -1 -1 -1 -1
 MicOpt= -1
 NAtoms=     21 NQM=       21 NQMF=       0 NMMI=      0 NMMIF=      0
                NMic=       0 NMicF=      0.
                    Isotopes and Nuclear Properties:
 (Nuclear quadrupole moments (NQMom) in fm**2, nuclear magnetic moments (NMagM)
  in nuclear magnetons)

  Atom         1           2           3           4           5           6           7           8           9          10
 IAtWgt=          12          12          12          12          12          12           1           1           1           1
 AtmWgt=  12.0000000  12.0000000  12.0000000  12.0000000  12.0000000  12.0000000   1.0078250   1.0078250   1.0078250   1.0078250
 NucSpn=           0           0           0           0           0           0           1           1           1           1
 AtZEff=   0.0000000   0.0000000   0.0000000   0.0000000   0.0000000   0.0000000   0.0000000   0.0000000   0.0000000   0.0000000
 NQMom=    0.0000000   0.0000000   0.0000000   0.0000000   0.0000000   0.0000000   0.0000000   0.0000000   0.0000000   0.0000000
 NMagM=    0.0000000   0.0000000   0.0000000   0.0000000   0.0000000   0.0000000   2.7928460   2.7928460   2.7928460   2.7928460
 AtZNuc=   6.0000000   6.0000000   6.0000000   6.0000000   6.0000000   6.0000000   1.0000000   1.0000000   1.0000000   1.0000000

  Atom        11          12          13          14          15          16          17          18          19          20
 IAtWgt=           1          12           1           1          12           1           1          12           1           1
 AtmWgt=   1.0078250  12.0000000   1.0078250   1.0078250  12.0000000   1.0078250   1.0078250  12.0000000   1.0078250   1.0078250
 NucSpn=           1           0           1           1           0           1           1           0           1           1
 AtZEff=   0.0000000   0.0000000   0.0000000   0.0000000   0.0000000   0.0000000   0.0000000   0.0000000   0.0000000   0.0000000
 NQMom=    0.0000000   0.0000000   0.0000000   0.0000000   0.0000000   0.0000000   0.0000000   0.0000000   0.0000000   0.0000000
 NMagM=    2.7928460   0.0000000   2.7928460   2.7928460   0.0000000   2.7928460   2.7928460   0.0000000   2.7928460   2.7928460
 AtZNuc=   1.0000000   6.0000000   1.0000000   1.0000000   6.0000000   1.0000000   1.0000000   6.0000000   1.0000000   1.0000000

  Atom        21
 IAtWgt=           1
 AtmWgt=   1.0078250
 NucSpn=           1
 AtZEff=   0.0000000
 NQMom=    0.0000000
 NMagM=    2.7928460
 AtZNuc=   1.0000000
 Leave Link  101 at Fri Apr  3 21:28:33 2020, MaxMem=   402653184 cpu:               0.3 elap:               0.1
 (Enter /n/sw/g16_nehalem/g16/l202.exe)
                          Input orientation:                          
 ---------------------------------------------------------------------
 Center     Atomic      Atomic             Coordinates (Angstroms)
 Number     Number       Type             X           Y           Z
 ---------------------------------------------------------------------
      1          6           0       -2.480127    1.518283    0.000000
      2          6           0       -1.084967    1.518283    0.000000
      3          6           0       -0.387429    2.726034    0.000000
      4          6           0       -1.085083    3.934543   -0.001199
      5          6           0       -2.479908    3.934465   -0.001678
      6          6           0       -3.177509    2.726259   -0.000682
      7          1           0       -3.029886    0.565966    0.000450
      8          1           0       -0.535459    0.565770    0.001315
      9          1           0       -0.534883    4.886686   -0.001258
     10          1           0       -3.030030    4.886746   -0.002631
     11          1           0       -4.277113    2.726442   -0.000862
     12          6           0        1.152571    2.726146    0.000888
     13          1           0        1.508651    2.850578    1.002199
     14          1           0        1.509531    1.796986   -0.391720
     15          6           0        1.666324    3.884464   -0.874302
     16          1           0        1.300652    3.766324   -1.872914
     17          1           0        1.319014    4.814419   -0.474977
     18          6           0        3.206239    3.874376   -0.886964
     19          1           0        3.553528    2.946112   -1.290222
     20          1           0        3.563242    4.681742   -1.491619
     21          1           0        3.571887    3.988263    0.112151
 ---------------------------------------------------------------------
                    Distance matrix (angstroms):
                    1          2          3          4          5
     1  C    0.000000
     2  C    1.395160   0.000000
     3  C    2.416205   1.394712   0.000000
     4  C    2.790065   2.416260   1.395427   0.000000
     5  C    2.416183   2.789946   2.416356   1.394825   0.000000
     6  C    1.394829   2.416183   2.790080   2.416236   1.395138
     7  H    1.099610   2.165553   3.412986   3.889675   3.413102
     8  H    2.165414   1.099655   2.165330   3.413316   3.889601
     9  H    3.889745   3.413024   2.165678   1.099680   2.165606
    10  H    3.413055   3.889707   3.413506   2.165528   1.099761
    11  H    2.165365   3.413128   3.889684   3.412999   2.165471
    12  C    3.828241   2.542737   1.540000   2.543093   3.828178
    13  H    4.323166   3.083223   2.148263   2.984835   4.253373
    14  H    4.018519   2.638663   2.148263   3.384329   4.542750
    15  C    4.853480   3.732669   2.514809   2.887050   4.237359
    16  H    4.780772   3.775271   2.727568   3.036996   4.221662
    17  H    5.052087   4.107218   2.738412   2.603522   3.928121
    18  C    6.218733   4.975171   3.875544   4.382196   5.754964
    19  H    6.333116   5.021852   4.152619   4.914803   6.248162
    20  H    6.982458   5.817066   4.653765   4.938278   6.268813
    21  H    6.537603   5.272539   4.157161   4.658659   6.053105
                    6          7          8          9         10
     6  C    0.000000
     7  H    2.165331   0.000000
     8  H    3.412938   2.494427   0.000000
     9  H    3.413344   4.989355   4.320917   0.000000
    10  H    2.165516   4.320781   4.989362   2.495147   0.000000
    11  H    1.099604   2.494641   4.320704   4.320988   2.494420
    12  C    4.330080   4.707369   2.741654   2.741430   4.707691
    13  H    4.793883   5.178926   3.224981   3.054291   5.074967
    14  H    4.794247   4.719695   2.419164   3.725364   5.505055
    15  C    5.056419   5.816529   4.077779   2.571374   4.880586
    16  H    4.963961   5.701346   4.138549   2.850876   4.848516
    17  H    4.980370   6.098222   4.660144   1.914828   4.375217
    18  C    6.546442   7.114937   5.073087   3.975580   6.379497
    19  H    6.856975   7.118445   4.904478   4.705567   6.983350
    20  H    7.175273   7.914242   5.997452   4.365525   6.762422
    21  H    6.867295   7.436935   5.347526   4.205423   6.663764
                   11         12         13         14         15
    11  H    0.000000
    12  C    5.429684   0.000000
    13  H    5.873381   1.070000   0.000000
    14  H    5.873833   1.070000   1.747303   0.000000
    15  C    6.117872   1.540000   2.148263   2.148263   0.000000
    16  H    5.974730   2.148263   3.024587   2.473026   1.070000
    17  H    5.991750   2.148263   2.464687   3.024587   1.070000
    18  C    7.622564   2.514809   2.738412   2.727568   1.540000
    19  H    7.939121   2.734949   3.073409   2.511118   2.148263
    20  H    8.216856   3.444310   3.713978   3.708008   2.148263
    21  H    7.950583   2.731009   2.518622   3.051048   2.148263
                   16         17         18         19         20
    16  H    0.000000
    17  H    1.747303   0.000000
    18  C    2.148263   2.148263   0.000000
    19  H    2.467332   3.024607   1.070000   0.000000
    20  H    2.470363   2.467332   1.070000   1.747303   0.000000
    21  H    3.024608   2.470363   1.070000   1.747303   1.747303
                   21
    21  H    0.000000
 Stoichiometry    C9H12
 Framework group  C1[X(C9H12)]
 Deg. of freedom    57
 Full point group                 C1      NOp   1
 Largest Abelian subgroup         C1      NOp   1
 Largest concise Abelian subgroup C1      NOp   1
                         Standard orientation:                         
 ---------------------------------------------------------------------
 Center     Atomic      Atomic             Coordinates (Angstroms)
 Number     Number       Type             X           Y           Z
 ---------------------------------------------------------------------
      1          6           0       -2.418172   -0.987529   -0.176443
      2          6           0       -1.070904   -1.307581   -0.006425
      3          6           0       -0.132970   -0.294601    0.192002
      4          6           0       -0.542002    1.039252    0.219292
      5          6           0       -1.888897    1.359183    0.048834
      6          6           0       -2.827130    0.345711   -0.148658
      7          1           0       -3.157556   -1.786355   -0.332428
      8          1           0       -0.748919   -2.358828   -0.027613
      9          1           0        0.197715    1.837783    0.375701
     10          1           0       -2.211576    2.410322    0.070284
     11          1           0       -3.888923    0.598152   -0.282820
     12          6           0        1.354066   -0.647828    0.380558
     13          1           0        1.585074   -0.672762    1.425026
     14          1           0        1.550334   -1.607005   -0.051134
     15          6           0        2.226143    0.415329   -0.312824
     16          1           0        1.986872    0.448402   -1.355204
     17          1           0        2.038428    1.372634    0.126756
     18          6           0        3.712761    0.053081   -0.138625
     19          1           0        3.901375   -0.902325   -0.581935
     20          1           0        4.318808    0.794026   -0.616754
     21          1           0        3.951008    0.015852    0.903850
 ---------------------------------------------------------------------
 Rotational constants (GHZ):           4.4859919           0.8758910           0.7561258
 Leave Link  202 at Fri Apr  3 21:28:33 2020, MaxMem=   402653184 cpu:               0.0 elap:               0.0
 (Enter /n/sw/g16_nehalem/g16/l301.exe)
 Standard basis: VSTO-6G (5D, 7F)
 Ernie: Thresh=  0.10000D-02 Tol=  0.10000D-05 Strict=F.
  NNHCO=     0 NNPyr=     0 NCTC=     0               EPep=         0.000000000
    EC=       185.347173081  ECS=         3.011444298   EG=         0.735078172
   EHC=         0.000000000  EAt=       -43.301764015  AtH=         3.447332811
 EPDDG=         0.002726864  ECC=       189.096422416 EAtT=        46.749096826
 There are    48 symmetry adapted cartesian basis functions of A   symmetry.
 There are    48 symmetry adapted basis functions of A   symmetry.
    48 basis functions,   288 primitive gaussians,    48 cartesian basis functions
    24 alpha electrons       24 beta electrons
       nuclear repulsion energy       235.8455192416 Hartrees.
 IExCor=    0 DFT=F Ex=HF Corr=None ExCW=0 ScaHFX=  1.000000
 ScaDFX=  1.000000  1.000000  1.000000  1.000000 ScalE2=  1.000000  1.000000
 IRadAn=      5 IRanWt=     -1 IRanGd=            0 ICorTp=0 IEmpDi=  4
 Integral buffers will be    131072 words long.
 Regular integral format.
 Two-electron integral symmetry is turned off.
 Leave Link  301 at Fri Apr  3 21:28:33 2020, MaxMem=   402653184 cpu:               0.2 elap:               0.1
 (Enter /n/sw/g16_nehalem/g16/l302.exe)
 Do NDO integrals.
 NPDir=0 NMtPBC=     1 NCelOv=     1 NCel=       1 NClECP=     1 NCelD=      1
         NCelK=      1 NCelE2=     1 NClLst=     1 CellRange=     0.0.
 One-electron integrals computed using PRISM.
 NBasis=    48 RedAO= F EigKep=  0.00D+00  NBF=    48
 NBsUse=    48 1.00D-04 EigRej=  0.00D+00 NBFU=    48
 Leave Link  302 at Fri Apr  3 21:28:34 2020, MaxMem=   402653184 cpu:               0.3 elap:               0.1
 (Enter /n/sw/g16_nehalem/g16/l303.exe)
 DipDrv:  MaxL=1.
 Leave Link  303 at Fri Apr  3 21:28:34 2020, MaxMem=   402653184 cpu:               0.1 elap:               0.0
 (Enter /n/sw/g16_nehalem/g16/l401.exe)
 Simple Huckel Guess.
 JPrj=0 DoOrth=F DoCkMO=F.
 Leave Link  401 at Fri Apr  3 21:28:34 2020, MaxMem=   402653184 cpu:               0.1 elap:               0.1
 (Enter /n/sw/g16_nehalem/g16/l502.exe)
 Keep J ints in memory in canonical form, NReq=864885.
 FoFCou: FMM=F IPFlag=           0 FMFlag=           0 FMFlg1=           0
         NFxFlg=           0 DoJE=F BraDBF=F KetDBF=F FulRan=T
         wScrn=  0.000000 ICntrl=       600 IOpCl=  2 I1Cent=           0 NGrid=           0
         NMat0=    1 NMatS0=    102 NMatT0=    0 NMatD0=    1 NMtDS0=    0 NMtDT0=    0
 Symmetry not used in FoFCou.
 Two-electron integral symmetry not used.
 Closed shell SCF:
 Using DIIS extrapolation, IDIIS=  1040.
 Overlap will be assumed to be unity.
 NGot=   402653184 LenX=   402583096 LenY=   402580351
 Requested convergence on RMS density matrix=1.00D-08 within 128 cycles.
 Requested convergence on MAX density matrix=1.00D-06.
 Requested convergence on             energy=1.00D-06.
 No special actions if energy rises.

 Cycle   1  Pass 1  IDiag  1:
 E= 0.288082742512898    
 DIIS: error= 3.25D-02 at cycle   1 NSaved=   1.
 NSaved= 1 IEnMin= 1 EnMin= 0.288082742512898     IErMin= 1 ErrMin= 3.25D-02
 ErrMax= 3.25D-02  0.00D+00 EMaxC= 1.00D-01 BMatC= 1.04D-01 BMatP= 1.04D-01
 IDIUse=3 WtCom= 6.75D-01 WtEn= 3.25D-01
 Coeff-Com:  0.100D+01
 Coeff-En:   0.100D+01
 Coeff:      0.100D+01
 GapD=    2.000 DampG=2.000 DampE=0.500 DampFc=1.0000 IDamp=-1.
 RMSDP=9.30D-03 MaxDP=1.02D-01              OVMax= 0.00D+00

 Cycle   2  Pass 1  IDiag  1:
 E= 0.386073792454340E-01 Delta-E=       -0.249475363267 Rises=F Damp=F
 DIIS: error= 9.77D-03 at cycle   2 NSaved=   2.
 NSaved= 2 IEnMin= 2 EnMin= 0.386073792454340E-01 IErMin= 2 ErrMin= 9.77D-03
 ErrMax= 9.77D-03  0.00D+00 EMaxC= 1.00D-01 BMatC= 7.13D-03 BMatP= 1.04D-01
 IDIUse=3 WtCom= 9.02D-01 WtEn= 9.77D-02
 Coeff-Com: -0.322D+00 0.132D+01
 Coeff-En:   0.000D+00 0.100D+01
 Coeff:     -0.290D+00 0.129D+01
 RMSDP=3.50D-03 MaxDP=3.36D-02 DE=-2.49D-01 OVMax= 0.00D+00

 Cycle   3  Pass 1  IDiag  3:
 E= 0.170597248129241E-01 Delta-E=       -0.021547654433 Rises=F Damp=F
 DIIS: error= 1.33D-03 at cycle   3 NSaved=   3.
 NSaved= 3 IEnMin= 3 EnMin= 0.170597248129241E-01 IErMin= 3 ErrMin= 1.33D-03
 ErrMax= 1.33D-03  0.00D+00 EMaxC= 1.00D-01 BMatC= 1.36D-04 BMatP= 7.13D-03
 IDIUse=3 WtCom= 9.87D-01 WtEn= 1.33D-02
 Coeff-Com:  0.114D+00-0.542D+00 0.143D+01
 Coeff-En:   0.000D+00 0.000D+00 0.100D+01
 Coeff:      0.112D+00-0.535D+00 0.142D+01
 Gap=     0.364 Goal=   None    Shift=    0.000
 RMSDP=7.34D-04 MaxDP=6.25D-03 DE=-2.15D-02 OVMax= 8.88D-03

 Cycle   4  Pass 1  IDiag  3:
 E= 0.163997515591348E-01 Delta-E=       -0.000659973254 Rises=F Damp=F
 DIIS: error= 2.56D-04 at cycle   4 NSaved=   4.
 NSaved= 4 IEnMin= 4 EnMin= 0.163997515591348E-01 IErMin= 4 ErrMin= 2.56D-04
 ErrMax= 2.56D-04  0.00D+00 EMaxC= 1.00D-01 BMatC= 5.41D-06 BMatP= 1.36D-04
 IDIUse=3 WtCom= 9.97D-01 WtEn= 2.56D-03
 Coeff-Com: -0.343D-01 0.171D+00-0.586D+00 0.145D+01
 Coeff-En:   0.000D+00 0.000D+00 0.000D+00 0.100D+01
 Coeff:     -0.343D-01 0.170D+00-0.584D+00 0.145D+01
 Gap=     0.363 Goal=   None    Shift=    0.000
 RMSDP=1.73D-04 MaxDP=1.55D-03 DE=-6.60D-04 OVMax= 1.80D-03

 Cycle   5  Pass 1  IDiag  3:
 E= 0.163691251207183E-01 Delta-E=       -0.000030626438 Rises=F Damp=F
 DIIS: error= 7.17D-05 at cycle   5 NSaved=   5.
 NSaved= 5 IEnMin= 5 EnMin= 0.163691251207183E-01 IErMin= 5 ErrMin= 7.17D-05
 ErrMax= 7.17D-05  0.00D+00 EMaxC= 1.00D-01 BMatC= 1.99D-07 BMatP= 5.41D-06
 IDIUse=1 WtCom= 1.00D+00 WtEn= 0.00D+00
 Coeff-Com:  0.325D-02-0.168D-01 0.744D-01-0.349D+00 0.129D+01
 Coeff:      0.325D-02-0.168D-01 0.744D-01-0.349D+00 0.129D+01
 Gap=     0.364 Goal=   None    Shift=    0.000
 RMSDP=3.13D-05 MaxDP=4.01D-04 DE=-3.06D-05 OVMax= 2.19D-04

 Cycle   6  Pass 1  IDiag  3:
 E= 0.163680689702517E-01 Delta-E=       -0.000001056150 Rises=F Damp=F
 DIIS: error= 2.19D-05 at cycle   6 NSaved=   6.
 NSaved= 6 IEnMin= 6 EnMin= 0.163680689702517E-01 IErMin= 6 ErrMin= 2.19D-05
 ErrMax= 2.19D-05  0.00D+00 EMaxC= 1.00D-01 BMatC= 1.23D-08 BMatP= 1.99D-07
 IDIUse=1 WtCom= 1.00D+00 WtEn= 0.00D+00
 Coeff-Com: -0.653D-03 0.338D-02-0.187D-01 0.122D+00-0.621D+00 0.152D+01
 Coeff:     -0.653D-03 0.338D-02-0.187D-01 0.122D+00-0.621D+00 0.152D+01
 Gap=     0.364 Goal=   None    Shift=    0.000
 RMSDP=7.98D-06 MaxDP=1.35D-04 DE=-1.06D-06 OVMax= 5.19D-05

 Cycle   7  Pass 1  IDiag  3:
 E= 0.163679991271692E-01 Delta-E=       -0.000000069843 Rises=F Damp=F
 DIIS: error= 5.88D-06 at cycle   7 NSaved=   7.
 NSaved= 7 IEnMin= 7 EnMin= 0.163679991271692E-01 IErMin= 7 ErrMin= 5.88D-06
 ErrMax= 5.88D-06  0.00D+00 EMaxC= 1.00D-01 BMatC= 8.35D-10 BMatP= 1.23D-08
 IDIUse=1 WtCom= 1.00D+00 WtEn= 0.00D+00
 Coeff-Com:  0.912D-04-0.521D-03 0.508D-02-0.466D-01 0.279D+00-0.874D+00
 Coeff-Com:  0.164D+01
 Coeff:      0.912D-04-0.521D-03 0.508D-02-0.466D-01 0.279D+00-0.874D+00
 Coeff:      0.164D+01
 Gap=     0.364 Goal=   None    Shift=    0.000
 RMSDP=2.53D-06 MaxDP=4.16D-05 DE=-6.98D-08 OVMax= 1.96D-05

 Cycle   8  Pass 1  IDiag  3:
 E= 0.163679936406709E-01 Delta-E=       -0.000000005486 Rises=F Damp=F
 DIIS: error= 8.47D-07 at cycle   8 NSaved=   8.
 NSaved= 8 IEnMin= 8 EnMin= 0.163679936406709E-01 IErMin= 8 ErrMin= 8.47D-07
 ErrMax= 8.47D-07  0.00D+00 EMaxC= 1.00D-01 BMatC= 3.54D-11 BMatP= 8.35D-10
 IDIUse=1 WtCom= 1.00D+00 WtEn= 0.00D+00
 Coeff-Com:  0.728D-05-0.129D-04-0.112D-02 0.145D-01-0.956D-01 0.323D+00
 Coeff-Com: -0.745D+00 0.150D+01
 Coeff:      0.728D-05-0.129D-04-0.112D-02 0.145D-01-0.956D-01 0.323D+00
 Coeff:     -0.745D+00 0.150D+01
 Gap=     0.364 Goal=   None    Shift=    0.000
 RMSDP=5.08D-07 MaxDP=6.63D-06 DE=-5.49D-09 OVMax= 5.43D-06

 Cycle   9  Pass 1  IDiag  3:
 E= 0.163679934140077E-01 Delta-E=       -0.000000000227 Rises=F Damp=F
 DIIS: error= 2.96D-07 at cycle   9 NSaved=   9.
 NSaved= 9 IEnMin= 9 EnMin= 0.163679934140077E-01 IErMin= 9 ErrMin= 2.96D-07
 ErrMax= 2.96D-07  0.00D+00 EMaxC= 1.00D-01 BMatC= 2.57D-12 BMatP= 3.54D-11
 IDIUse=1 WtCom= 1.00D+00 WtEn= 0.00D+00
 Coeff-Com: -0.804D-05 0.275D-04 0.535D-03-0.766D-02 0.514D-01-0.176D+00
 Coeff-Com:  0.425D+00-0.101D+01 0.172D+01
 Coeff:     -0.804D-05 0.275D-04 0.535D-03-0.766D-02 0.514D-01-0.176D+00
 Coeff:      0.425D+00-0.101D+01 0.172D+01
 Gap=     0.364 Goal=   None    Shift=    0.000
 RMSDP=1.56D-07 MaxDP=1.87D-06 DE=-2.27D-10 OVMax= 2.15D-06

 Cycle  10  Pass 1  IDiag  3:
 E= 0.163679933949084E-01 Delta-E=       -0.000000000019 Rises=F Damp=F
 DIIS: error= 5.48D-08 at cycle  10 NSaved=  10.
 NSaved=10 IEnMin=10 EnMin= 0.163679933949084E-01 IErMin=10 ErrMin= 5.48D-08
 ErrMax= 5.48D-08  0.00D+00 EMaxC= 1.00D-01 BMatC= 1.96D-13 BMatP= 2.57D-12
 IDIUse=1 WtCom= 1.00D+00 WtEn= 0.00D+00
 Coeff-Com:  0.264D-05-0.851D-05-0.207D-03 0.290D-02-0.194D-01 0.664D-01
 Coeff-Com: -0.162D+00 0.406D+00-0.918D+00 0.162D+01
 Coeff:      0.264D-05-0.851D-05-0.207D-03 0.290D-02-0.194D-01 0.664D-01
 Coeff:     -0.162D+00 0.406D+00-0.918D+00 0.162D+01
 Gap=     0.364 Goal=   None    Shift=    0.000
 RMSDP=5.19D-08 MaxDP=6.31D-07 DE=-1.91D-11 OVMax= 7.87D-07

 Cycle  11  Pass 1  IDiag  3:
 E= 0.163679933920378E-01 Delta-E=       -0.000000000003 Rises=F Damp=F
 DIIS: error= 1.45D-08 at cycle  11 NSaved=  11.
 NSaved=11 IEnMin=11 EnMin= 0.163679933920378E-01 IErMin=11 ErrMin= 1.45D-08
 ErrMax= 1.45D-08  0.00D+00 EMaxC= 1.00D-01 BMatC= 1.26D-14 BMatP= 1.96D-13
 IDIUse=1 WtCom= 1.00D+00 WtEn= 0.00D+00
 Coeff-Com: -0.122D-05 0.432D-05 0.718D-04-0.105D-02 0.705D-02-0.243D-01
 Coeff-Com:  0.599D-01-0.153D+00 0.376D+00-0.826D+00 0.156D+01
 Coeff:     -0.122D-05 0.432D-05 0.718D-04-0.105D-02 0.705D-02-0.243D-01
 Coeff:      0.599D-01-0.153D+00 0.376D+00-0.826D+00 0.156D+01
 Gap=     0.364 Goal=   None    Shift=    0.000
 RMSDP=1.27D-08 MaxDP=1.80D-07 DE=-2.87D-12 OVMax= 2.17D-07

 Cycle  12  Pass 1  IDiag  3:
 E= 0.163679933924072E-01 Delta-E=        0.000000000000 Rises=F Damp=F
 DIIS: error= 5.34D-09 at cycle  12 NSaved=  12.
 NSaved=12 IEnMin=11 EnMin= 0.163679933920378E-01 IErMin=12 ErrMin= 5.34D-09
 ErrMax= 5.34D-09  0.00D+00 EMaxC= 1.00D-01 BMatC= 1.49D-15 BMatP= 1.26D-14
 IDIUse=1 WtCom= 1.00D+00 WtEn= 0.00D+00
 Coeff-Com:  0.299D-06-0.109D-05-0.151D-04 0.227D-03-0.151D-02 0.522D-02
 Coeff-Com: -0.131D-01 0.343D-01-0.909D-01 0.237D+00-0.793D+00 0.162D+01
 Coeff:      0.299D-06-0.109D-05-0.151D-04 0.227D-03-0.151D-02 0.522D-02
 Coeff:     -0.131D-01 0.343D-01-0.909D-01 0.237D+00-0.793D+00 0.162D+01
 Gap=     0.364 Goal=   None    Shift=    0.000
 RMSDP=5.20D-09 MaxDP=6.87D-08 DE= 3.69D-13 OVMax= 8.20D-08

 Cycle  13  Pass 2  IDiag  1:
 SCF Done:  E(RPDDG) =  0.163679933924E-01 A.U. after   13 cycles
            NFock= 12  Conv=0.52D-08     -V/T= 1.0002
 KE=-6.971092675993D+01 PE=-3.690729997472D+02 EE= 2.029547752590D+02
 Leave Link  502 at Fri Apr  3 21:28:34 2020, MaxMem=   402653184 cpu:               0.1 elap:               0.1
 (Enter /n/sw/g16_nehalem/g16/l601.exe)
 Copying SCF densities to generalized density rwf, IOpCl= 0 IROHF=0.

 **********************************************************************

            Population analysis using the SCF density.

 **********************************************************************

 Orbital symmetries:
       Occupied  (A) (A) (A) (A) (A) (A) (A) (A) (A) (A) (A) (A)
                 (A) (A) (A) (A) (A) (A) (A) (A) (A) (A) (A) (A)
       Virtual   (A) (A) (A) (A) (A) (A) (A) (A) (A) (A) (A) (A)
                 (A) (A) (A) (A) (A) (A) (A) (A) (A) (A) (A) (A)
 The electronic state is 1-A.
 Alpha  occ. eigenvalues --   -1.51244  -1.35933  -1.13244  -1.10910  -0.95514
 Alpha  occ. eigenvalues --   -0.84264  -0.78698  -0.75372  -0.66279  -0.61435
 Alpha  occ. eigenvalues --   -0.59225  -0.56634  -0.55011  -0.53510  -0.52545
 Alpha  occ. eigenvalues --   -0.49997  -0.48332  -0.47039  -0.46391  -0.44775
 Alpha  occ. eigenvalues --   -0.44541  -0.42624  -0.35530  -0.34673
 Alpha virt. eigenvalues --    0.01675   0.01715   0.09935   0.10631   0.11510
 Alpha virt. eigenvalues --    0.11775   0.12724   0.14095   0.14358   0.15148
 Alpha virt. eigenvalues --    0.15293   0.15939   0.16455   0.16621   0.17788
 Alpha virt. eigenvalues --    0.18262   0.18430   0.18769   0.19208   0.20056
 Alpha virt. eigenvalues --    0.20334   0.20423   0.23363   0.23797
          Condensed to atoms (all electrons):
               1          2          3          4          5          6
     1  C    4.141693   0.000000   0.000000   0.000000   0.000000   0.000000
     2  C    0.000000   4.156456   0.000000   0.000000   0.000000   0.000000
     3  C    0.000000   0.000000   4.071727   0.000000   0.000000   0.000000
     4  C    0.000000   0.000000   0.000000   4.162247   0.000000   0.000000
     5  C    0.000000   0.000000   0.000000   0.000000   4.141308   0.000000
     6  C    0.000000   0.000000   0.000000   0.000000   0.000000   4.161333
     7  H    0.000000   0.000000   0.000000   0.000000   0.000000   0.000000
     8  H    0.000000   0.000000   0.000000   0.000000   0.000000   0.000000
     9  H    0.000000   0.000000   0.000000   0.000000   0.000000   0.000000
    10  H    0.000000   0.000000   0.000000   0.000000   0.000000   0.000000
    11  H    0.000000   0.000000   0.000000   0.000000   0.000000   0.000000
    12  C    0.000000   0.000000   0.000000   0.000000   0.000000   0.000000
    13  H    0.000000   0.000000   0.000000   0.000000   0.000000   0.000000
    14  H    0.000000   0.000000   0.000000   0.000000   0.000000   0.000000
    15  C    0.000000   0.000000   0.000000   0.000000   0.000000   0.000000
    16  H    0.000000   0.000000   0.000000   0.000000   0.000000   0.000000
    17  H    0.000000   0.000000   0.000000   0.000000   0.000000   0.000000
    18  C    0.000000   0.000000   0.000000   0.000000   0.000000   0.000000
    19  H    0.000000   0.000000   0.000000   0.000000   0.000000   0.000000
    20  H    0.000000   0.000000   0.000000   0.000000   0.000000   0.000000
    21  H    0.000000   0.000000   0.000000   0.000000   0.000000   0.000000
               7          8          9         10         11         12
     1  C    0.000000   0.000000   0.000000   0.000000   0.000000   0.000000
     2  C    0.000000   0.000000   0.000000   0.000000   0.000000   0.000000
     3  C    0.000000   0.000000   0.000000   0.000000   0.000000   0.000000
     4  C    0.000000   0.000000   0.000000   0.000000   0.000000   0.000000
     5  C    0.000000   0.000000   0.000000   0.000000   0.000000   0.000000
     6  C    0.000000   0.000000   0.000000   0.000000   0.000000   0.000000
     7  H    0.851112   0.000000   0.000000   0.000000   0.000000   0.000000
     8  H    0.000000   0.848543   0.000000   0.000000   0.000000   0.000000
     9  H    0.000000   0.000000   0.842035   0.000000   0.000000   0.000000
    10  H    0.000000   0.000000   0.000000   0.851338   0.000000   0.000000
    11  H    0.000000   0.000000   0.000000   0.000000   0.850580   0.000000
    12  C    0.000000   0.000000   0.000000   0.000000   0.000000   4.140982
    13  H    0.000000   0.000000   0.000000   0.000000   0.000000   0.000000
    14  H    0.000000   0.000000   0.000000   0.000000   0.000000   0.000000
    15  C    0.000000   0.000000   0.000000   0.000000   0.000000   0.000000
    16  H    0.000000   0.000000   0.000000   0.000000   0.000000   0.000000
    17  H    0.000000   0.000000   0.000000   0.000000   0.000000   0.000000
    18  C    0.000000   0.000000   0.000000   0.000000   0.000000   0.000000
    19  H    0.000000   0.000000   0.000000   0.000000   0.000000   0.000000
    20  H    0.000000   0.000000   0.000000   0.000000   0.000000   0.000000
    21  H    0.000000   0.000000   0.000000   0.000000   0.000000   0.000000
              13         14         15         16         17         18
     1  C    0.000000   0.000000   0.000000   0.000000   0.000000   0.000000
     2  C    0.000000   0.000000   0.000000   0.000000   0.000000   0.000000
     3  C    0.000000   0.000000   0.000000   0.000000   0.000000   0.000000
     4  C    0.000000   0.000000   0.000000   0.000000   0.000000   0.000000
     5  C    0.000000   0.000000   0.000000   0.000000   0.000000   0.000000
     6  C    0.000000   0.000000   0.000000   0.000000   0.000000   0.000000
     7  H    0.000000   0.000000   0.000000   0.000000   0.000000   0.000000
     8  H    0.000000   0.000000   0.000000   0.000000   0.000000   0.000000
     9  H    0.000000   0.000000   0.000000   0.000000   0.000000   0.000000
    10  H    0.000000   0.000000   0.000000   0.000000   0.000000   0.000000
    11  H    0.000000   0.000000   0.000000   0.000000   0.000000   0.000000
    12  C    0.000000   0.000000   0.000000   0.000000   0.000000   0.000000
    13  H    0.894336   0.000000   0.000000   0.000000   0.000000   0.000000
    14  H    0.000000   0.897658   0.000000   0.000000   0.000000   0.000000
    15  C    0.000000   0.000000   4.193968   0.000000   0.000000   0.000000
    16  H    0.000000   0.000000   0.000000   0.896936   0.000000   0.000000
    17  H    0.000000   0.000000   0.000000   0.000000   0.900076   0.000000
    18  C    0.000000   0.000000   0.000000   0.000000   0.000000   4.271808
    19  H    0.000000   0.000000   0.000000   0.000000   0.000000   0.000000
    20  H    0.000000   0.000000   0.000000   0.000000   0.000000   0.000000
    21  H    0.000000   0.000000   0.000000   0.000000   0.000000   0.000000
              19         20         21
     1  C    0.000000   0.000000   0.000000
     2  C    0.000000   0.000000   0.000000
     3  C    0.000000   0.000000   0.000000
     4  C    0.000000   0.000000   0.000000
     5  C    0.000000   0.000000   0.000000
     6  C    0.000000   0.000000   0.000000
     7  H    0.000000   0.000000   0.000000
     8  H    0.000000   0.000000   0.000000
     9  H    0.000000   0.000000   0.000000
    10  H    0.000000   0.000000   0.000000
    11  H    0.000000   0.000000   0.000000
    12  C    0.000000   0.000000   0.000000
    13  H    0.000000   0.000000   0.000000
    14  H    0.000000   0.000000   0.000000
    15  C    0.000000   0.000000   0.000000
    16  H    0.000000   0.000000   0.000000
    17  H    0.000000   0.000000   0.000000
    18  C    0.000000   0.000000   0.000000
    19  H    0.908634   0.000000   0.000000
    20  H    0.000000   0.907874   0.000000
    21  H    0.000000   0.000000   0.909357
 Mulliken charges:
               1
     1  C   -0.141693
     2  C   -0.156456
     3  C   -0.071727
     4  C   -0.162247
     5  C   -0.141308
     6  C   -0.161333
     7  H    0.148888
     8  H    0.151457
     9  H    0.157965
    10  H    0.148662
    11  H    0.149420
    12  C   -0.140982
    13  H    0.105664
    14  H    0.102342
    15  C   -0.193968
    16  H    0.103064
    17  H    0.099924
    18  C   -0.271808
    19  H    0.091366
    20  H    0.092126
    21  H    0.090643
 Sum of Mulliken charges =   0.00000
 Mulliken charges with hydrogens summed into heavy atoms:
               1
     1  C    0.007194
     2  C   -0.004998
     3  C   -0.071727
     4  C   -0.004281
     5  C    0.007354
     6  C   -0.011912
    12  C    0.067025
    15  C    0.009020
    18  C    0.002326
 Charge=              0.0000 electrons
 Dipole moment (field-independent basis, Debye):
    X=              0.3956    Y=             -0.0249    Z=              0.0288  Tot=              0.3975
 N-N= 2.358455192416D+02 E-N=-3.690729997300D+02  KE=-6.971092675993D+01
 Leave Link  601 at Fri Apr  3 21:28:34 2020, MaxMem=   402653184 cpu:               0.1 elap:               0.0
 (Enter /n/sw/g16_nehalem/g16/l9999.exe)
 1\1\GINC-HOLY2C14402\SP\RPDDG\ZDO\C9H12\EKWAN\03-Apr-2020\0\\#p pddg\\
 Title Card Required\\0,1\C,0,-2.48012714,1.51828297,0.\C,0,-1.08496714
 ,1.51828297,0.\C,0,-0.38742914,2.72603397,0.\C,0,-1.08508314,3.9345429
 7,-0.001199\C,0,-2.47990814,3.93446497,-0.001678\C,0,-3.17750914,2.726
 25897,-0.000682\H,0,-3.02988614,0.56596597,0.00045\H,0,-0.53545914,0.5
 6576997,0.001315\H,0,-0.53488314,4.88668597,-0.001258\H,0,-3.03003014,
 4.88674597,-0.002631\H,0,-4.27711314,2.72644197,-0.000862\C,0,1.152570
 6,2.726146,0.00088786\H,0,1.50865067,2.85057807,1.00219882\H,0,1.50953
 147,1.79698621,-0.39172011\C,0,1.66632387,3.88446424,-0.87430152\H,0,1
 .30065159,3.76632445,-1.87291394\H,0,1.31901356,4.8144188,-0.47497703\
 C,0,3.20623877,3.87437572,-0.88696394\H,0,3.55352754,2.94611208,-1.290
 22207\H,0,3.56324221,4.68174245,-1.49161883\H,0,3.57188698,3.98826312,
 0.11215119\\Version=ES64L-G16RevA.03\State=1-A\HF=0.016368\RMSD=5.199e
 -09\Dipole=0.1539435,0.0256135,-0.0099407\PG=C01 [X(C9H12)]\\@


 SOME PHYSICISTS WOULD PREFER TO COME BACK TO THE IDEA OF AN OBJECTIVE
 REAL WORLD WHOSE SMALLEST PARTS EXIST OBJECTIVELY IN THE SAME SENSE AS
 STONES OR TREES EXIST INDEPENDENTLY OF WHETHER WE OBSERVE THEM.
 THIS, HOWEVER, IS IMPOSSIBLE.  -- WERNER HEISENBERG
 Job cpu time:       0 days  0 hours  0 minutes  1.6 seconds.
 Elapsed time:       0 days  0 hours  0 minutes  0.6 seconds.
 File lengths (MBytes):  RWF=      6 Int=      0 D2E=      0 Chk=      2 Scr=      1
 Normal termination of Gaussian 16 at Fri Apr  3 21:28:34 2020.
